[backblue.gif]
[fade.gif]
[index.html]
[templatemo.com/templates/templatemo_551_stand_blog/assets/images/banner-item-01.jpg]
[templatemo.com/templates/templatemo_551_stand_blog/assets/images/banner-item-02.jpg]
[templatemo.com/templates/templatemo_551_stand_blog/assets/images/banner-item-03.jpg]
[templatemo.com/templates/templatemo_551_stand_blog/assets/images/banner-item-04.jpg]
[templatemo.com/templates/templatemo_551_stand_blog/assets/images/banner-item-05.jpg]
[templatemo.com/templates/templatemo_551_stand_blog/assets/images/banner-item-06.jpg]
[templatemo.com/templates/templatemo_551_stand_blog/assets/images/blog-post-01.jpg]
[templatemo.com/templates/templatemo_551_stand_blog/assets/images/blog-post-02.jpg]
[templatemo.com/templates/templatemo_551_stand_blog/assets/images/blog-post-03.jpg]
[templatemo.com/templates/templatemo_551_stand_blog/index.html]
[templatemo.com/templates/templatemo_551_stand_blog/vendor/bootstrap/css/bootstrap.min.css]
[templatemo.com/templates/templatemo_551_stand_blog/assets/fonts/fontawesome-webfonte0a5.eot]
[templatemo.com/templates/templatemo_551_stand_blog/assets/fonts/fontawesome-webfontd41d.eot]
[templatemo.com/templates/templatemo_551_stand_blog/assets/fonts/fontawesome-webfonte0a5.woff]
[templatemo.com/templates/templatemo_551_stand_blog/assets/fonts/fontawesome-webfonte0a5.ttf]
[templatemo.com/templates/templatemo_551_stand_blog/assets/css/fontawesome.css]
[templatemo.com/templates/templatemo_551_stand_blog/assets/images/heading-bg.jpg]
[templatemo.com/templates/templatemo_551_stand_blog/assets/images/cta-bg.jpg]
[templatemo.com/templates/templatemo_551_stand_blog/assets/css/templatemo-stand-blog.css]
[templatemo.com/templates/templatemo_551_stand_blog/assets/css/owl.css]
[templatemo.com/templates/templatemo_551_stand_blog/assets/images/about-us.jpg]
[templatemo.com/templates/templatemo_551_stand_blog/about.html]
[templatemo.com/templates/templatemo_551_stand_blog/assets/images/blog-thumb-01.jpg]
[templatemo.com/templates/templatemo_551_stand_blog/assets/images/blog-thumb-02.jpg]
[templatemo.com/templates/templatemo_551_stand_blog/assets/images/blog-thumb-03.jpg]
[templatemo.com/templates/templatemo_551_stand_blog/assets/images/blog-thumb-04.jpg]
[templatemo.com/templates/templatemo_551_stand_blog/assets/images/blog-thumb-05.jpg]
[templatemo.com/templates/templatemo_551_stand_blog/assets/images/blog-thumb-06.jpg]
[templatemo.com/templates/templatemo_551_stand_blog/blog.html]
[templatemo.com/templates/templatemo_551_stand_blog/assets/images/comment-author-01.jpg]
[templatemo.com/templates/templatemo_551_stand_blog/assets/images/comment-author-02.jpg]
[templatemo.com/templates/templatemo_551_stand_blog/assets/images/comment-author-03.jpg]
[templatemo.com/templates/templatemo_551_stand_blog/post-details.html]
[templatemo.com/templates/templatemo_551_stand_blog/contact.html]
[templatemo.com/templates/templatemo_551_stand_blog/vendor/jquery/jquery.min.js]
[templatemo.com/templates/templatemo_551_stand_blog/vendor/bootstrap/js/bootstrap.bundle.min.js]
[templatemo.com/templates/templatemo_551_stand_blog/assets/js/custom.js]
[templatemo.com/templates/templatemo_551_stand_blog/assets/js/owl.js]
[templatemo.com/templates/templatemo_551_stand_blog/assets/js/slick.js]
[templatemo.com/templates/templatemo_551_stand_blog/assets/js/isotope.js]
[templatemo.com/templates/templatemo_551_stand_blog/assets/js/accordions.js]
[templatemo.com/templates/templatemo_551_stand_blog/assets/fonts/fontawesome-webfont.woff2e0a5.html]
[templatemo.com/templates/templatemo_551_stand_blog/assets/fonts/fontawesome-webfonte0a5.svg]
[templatemo.com/templates/templatemo_551_stand_blog/assets/css/owl.video.play.html]
[templatemo.com/cdn-cgi/scripts/5c5dd728/cloudflare-static/email-decode.min.js]
